typeof gen().next: function is promise: true
gen start
sync-iterable 1
sync-iterable 2
sync-iterable 3
gen start
gen 1
gen 2
gen 3
gen finally
gen start
gen finally
queued [{"value":1,"done":false},{"value":2,"done":false},{"value":3,"done":false},{"value":"ret","done":true},{"done":true}]
gen start
first {"value":1,"done":false}
return {"value":"early","done":true}
after return {"done":true}
gen start
throw thrown in
gen start
break at 1
custom 10
custom 20
